PAG edges (from amat):
belief_concern tail-arrow harm_present
belief_concern arrow-arrow harm_future
belief_concern tail-arrow policy_support
belief_concern tail-arrow trust_science
belief_concern arrow-arrow politics
belief_concern arrow-arrow weather_risk_prep
harm_present tail-arrow harm_future
harm_present arrow-arrow policy_support
harm_present tail-arrow social_norms
harm_present arrow-arrow weather_risk_prep
harm_present tail-arrow climate_behavior
harm_future tail-arrow trust_science
policy_support arrow-circle trust_science
policy_support arrow-arrow social_norms
policy_support arrow-arrow politics
policy_support arrow-arrow climate_behavior
trust_science arrow-arrow social_norms
social_norms arrow-arrow climate_behavior
weather_risk_prep tail-arrow climate_behavior
38 DONE
