Rows: 7583 | Participants: 1987 | Waves: 1,2,3,4,5 
Wave 5 N: 870 
Person-level averaged item dataset: 1987 x 29 
Main composite dataset: 1987 x 9 
Any missing values in df_main: FALSE 
   participant_id    belief_concern      harm_present       harm_future    policy_support     trust_science      social_norms 
                0                 0                 0                 0                 0                 0                 0 
         politics weather_risk_prep 
                0                 0 
[cc1 sensitivity] corr(midpoint, drop-DK) = 0.976 | missing in drop-DK version: 88 
Wave-5 behavior dataset: 870 
Missing climate_behavior: 0 
climate_behavior alpha = 0.854 
Main belief-network dataset (all-wave): N = 1987 
Extended (+ behavior) dataset (all-wave): N = 870 

*** FINAL df_main (Waves 1-4 only): N = 1987 ***
*** FINAL df_extended (Waves 1-4 + Wave-5 behavior): N = 870 ***
(Compare against the manuscript's stated N=1,987 / N=870 before trusting anything downstream.)

=== Main attitude composites (reliability, all-wave df_att_person) ===
belief_concern r(cc1, cc6) = 0.725 
harm_present alpha = 0.941 
harm_future alpha = 0.957 
policy_support r(cc_pol_tax, cc_pol_car) = 0.796 
weather_risk_prep (ALT-SPEC) = ew5 alone -- [reference only] r(ew5, ew6) = 0.472 -- NOT used to construct weather_risk_prep
trust_science = single item (cvcc9_cc); social_norms = single item (cvcc4_should);  politics = single item (pol_ideology)
Conducting nonparanormal (npn) transformation via truncated ECDF....done.
Conducting nonparanormal (npn) transformation via truncated ECDF....done.
Main nodes: belief_concern, harm_present, harm_future, policy_support, trust_science, social_norms, politics, weather_risk_prep 
Extended nodes: belief_concern, harm_present, harm_future, policy_support, trust_science, social_norms, politics, weather_risk_prep, climate_behavior 

Main GGM: 23 of 28 possible edges retained.
(figures/fig2_ggm_main_fixed.pdf has exactly 23 -- checked mechanically
 against its vector line objects, not eyeballed. the qmd's own prose
 elsewhere says 24 and is the stale one -- this printed count is the one
 to trust, it comes straight from W_main.)
Retained edges, main network: 23 
FCI proportions read from: pipeline_outputs/fci_props_ext_nboot1000_20260911.rds 
DONE
r_patches/36_revision_figures_1_2A.R : OK 
PAG edges (from amat):
belief_concern tail-arrow harm_present
belief_concern arrow-arrow harm_future
belief_concern tail-arrow policy_support
belief_concern tail-arrow trust_science
belief_concern arrow-arrow politics
belief_concern arrow-arrow weather_risk_prep
harm_present tail-arrow harm_future
harm_present arrow-arrow policy_support
harm_present tail-arrow social_norms
harm_present arrow-arrow weather_risk_prep
harm_present tail-arrow climate_behavior
harm_future tail-arrow trust_science
policy_support arrow-circle trust_science
policy_support arrow-arrow social_norms
policy_support arrow-arrow politics
policy_support arrow-arrow climate_behavior
trust_science arrow-arrow social_norms
social_norms arrow-arrow climate_behavior
weather_risk_prep tail-arrow climate_behavior
38 DONE
r_patches/38_figure_causal_combined.R : OK 
Edges where the audit disagrees with an earlier tag  (plotting with the finalized audit tier):
           from            to current_evidence   final_tier
 belief_concern trust_science      substantive data_aligned
Edges with audit notes worth checking  (not represented by line style alone):
  harm_present -> weather_risk_prep: Pooled orientation asymmetry is +.078 (live Sep-10 bootstrap array), falling below the .10 orientation-uncertainty band adopted 2026-09-11 -- current_evidence was already tagged 'substantive' ahead of this (the old .01 sign-only rule called it data_aligned, hence the mismatch flag this row used to raise). One of the 4 edges varied in the directional- sensitivity enumeration (r_patches/30_deterministic_16spec_ates.R).
  social_norms -> climate_behavior: Unconditional RCoT p ~ 1e-16 (stable across 20 seeds); no single main-network variable, conditioned on individually, explains it away; conditional on the full network jointly, 60-65% support under two independent methods (npn primary: 0.6615; RCoT diagnostic: 12-13/20 seeds significant at safe num_f, i.e. not resolved by adding more random features). See r_patches/17_diagnostic_rcot_social_norms_behavior.R.
  belief_concern -> weather_risk_prep: Added 2026-09-03: existence is robust (p_adjacent=.946, higher than 10 of the other 14 edges), clearing the same 60% rule as every other edge. Orientation asymmetry is only +.065, with high arrowhead mass at BOTH endpoints (.77 at belief_concern, .83 at weather_risk_prep) and little circle/undetermined mass at either -- a pattern at least as consistent with a shared latent upstream cause as with a clean directed effect. Under the .10 orientation-uncertainty band adopted 2026-09-11, this falls below the band and is now rendered dashed (substantive) rather than solid, and is one of the 4 edges varied in the directional- sensitivity enumeration (r_patches/30_deterministic_16spec_ates.R).
  harm_future -> trust_science: Added 2026-09-03 (second candidate-scan pass, threshold matched to 60%): existence is close to the skeleton floor (p_adjacent=.657, versus .946 for belief_concern->weather_risk_prep and 78%+ for every one of the original 14 edges) -- a genuinely thinner margin, worth a bootstrap-seed sensitivity check if one is wanted specifically for this edge. Unlike weather_risk_prep, orientation itself IS cleanly resolved here (raw asymmetry +.2865, squarely within the +.15 to +.55 range typical of already-resolved edges, no both-ends-high-arrowhead pattern). No established theoretical story for this direction has been discussed yet (unlike weather_risk_prep, where belief_concern as a second driver of weather-risk perception is an easy substantive story) -- worth a sentence in Methods/Discussion regardless.
r_patches/07_figure5_scm_hierarchical_v3.R : OK 
