05_scm_intervention_helpers.R loaded: 16 edges, 4 flip candidates, 16 orientation scenarios.

==== (A) residual covariances per specification (* = explicitly specified replacement) ====
 family      spec       
 orientation combo_0    
 orientation combo_1    
 orientation combo_2    
 orientation combo_3    
 orientation combo_4    
 orientation combo_5    
 orientation combo_6    
 orientation combo_7    
 orientation combo_8    
 orientation combo_9    
 orientation combo_10   
 orientation combo_11   
 orientation combo_12   
 orientation combo_13   
 orientation combo_14   
 orientation combo_15   
 confounding cov: BC-HF 
 confounding cov: POL-PS
 confounding cov: SN-PS 
 confounding cov: TS-SN 
 confounding cov: HP-WW 
 confounding cov: BC-WW 
 confounding cov: SN-CB 
 confounding cov: WW-CB 
 confounding cov: all 8 
 confounding cov: HP-CB 
 flipped                                                                                                                              
 (none -- baseline)                                                                                                                   
 belief_concern -> weather_risk_prep                                                                                                  
 harm_present -> weather_risk_prep                                                                                                    
 belief_concern -> weather_risk_prep; harm_present -> weather_risk_prep                                                               
 social_norms -> climate_behavior                                                                                                     
 belief_concern -> weather_risk_prep; social_norms -> climate_behavior                                                                
 harm_present -> weather_risk_prep; social_norms -> climate_behavior                                                                  
 belief_concern -> weather_risk_prep; harm_present -> weather_risk_prep; social_norms -> climate_behavior                             
 harm_future -> harm_present                                                                                                          
 belief_concern -> weather_risk_prep; harm_future -> harm_present                                                                     
 harm_present -> weather_risk_prep; harm_future -> harm_present                                                                       
 belief_concern -> weather_risk_prep; harm_present -> weather_risk_prep; harm_future -> harm_present                                  
 social_norms -> climate_behavior; harm_future -> harm_present                                                                        
 belief_concern -> weather_risk_prep; social_norms -> climate_behavior; harm_future -> harm_present                                   
 harm_present -> weather_risk_prep; social_norms -> climate_behavior; harm_future -> harm_present                                     
 belief_concern -> weather_risk_prep; harm_present -> weather_risk_prep; social_norms -> climate_behavior; harm_future -> harm_present
                                                                                                                                      
                                                                                                                                      
                                                                                                                                      
                                                                                                                                      
                                                                                                                                      
                                                                                                                                      
                                                                                                                                      
                                                                                                                                      
                                                                                                                                      
                                                                                                                                      
 acyclic df npar auto_covariances                                                                        
  TRUE   19 26   CB~~PS                                                                                  
 FALSE   19 26   CB~~PS                                                                                  
  TRUE   19 26   CB~~PS                                                                                  
  TRUE   19 26   CB~~PS                                                                                  
  TRUE   20 25   none                                                                                    
 FALSE   20 25   none                                                                                    
  TRUE   20 25   none                                                                                    
  TRUE   20 25   none                                                                                    
  TRUE   19 26   CB~~PS                                                                                  
 FALSE   19 26   CB~~PS                                                                                  
  TRUE   19 26   CB~~PS                                                                                  
  TRUE   19 26   CB~~PS                                                                                  
  TRUE   20 25   none                                                                                    
 FALSE   20 25   none                                                                                    
  TRUE   20 25   none                                                                                    
  TRUE   20 25   none                                                                                    
  TRUE   19 26   BC~~HF*, CB~~PS                                                                         
  TRUE   18 27   PS~~POL*, CB~~PS, CB~~POL                                                               
  TRUE   19 26   PS~~SN*, CB~~PS                                                                         
  TRUE   19 26   TS~~SN*, CB~~PS                                                                         
  TRUE   19 26   HP~~WW*, CB~~PS                                                                         
  TRUE   19 26   WW~~BC*, CB~~PS                                                                         
  TRUE   19 26   CB~~SN*, CB~~PS                                                                         
  TRUE   18 27   CB~~WW*, CB~~PS, PS~~WW                                                                 
  TRUE   18 27   BC~~HF*, PS~~POL*, PS~~SN*, TS~~SN*, HP~~WW*, BC~~WW*, CB~~SN*, CB~~WW*, CB~~PS, CB~~POL
  TRUE   19 26   CB~~HP*, CB~~PS                                                                         

==== (B) cyclic specifications: reduced-system diagnostics ====
     combo  rho_full rho_reduced.min rho_reduced.max det_I_minus_Bred.min det_I_minus_Bred.max
1 combo_13 0.3655677       0.0000000       0.3655677            0.9511456            1.0000000
2  combo_9 0.3655682       0.0000000       0.3655682            0.9511454            1.0000000
3  combo_1 0.4462042       0.0000000       0.4462042            0.9511457            1.0000000
4  combo_5 0.4462045       0.0000000       0.4462045            0.9511455            1.0000000
any negative coefficient in cyclic B: FALSE 
    combo target rho_reduced det_I_minus_Bred
  combo_1     BC       0.000            1.000
  combo_1     HP       0.000            1.000
  combo_1     HF       0.255            0.983
  combo_1     WW       0.000            1.000
  combo_1     SN       0.446            0.951
  combo_1     TS       0.446            0.951
  combo_1     PS       0.446            0.951
  combo_1    POL       0.446            0.951
  combo_5     BC       0.000            1.000
  combo_5     HP       0.000            1.000
  combo_5     HF       0.255            0.983
  combo_5     WW       0.000            1.000
  combo_5     SN       0.446            0.951
  combo_5     TS       0.446            0.951
  combo_5     PS       0.446            0.951
  combo_5    POL       0.446            0.951
  combo_9     BC       0.000            1.000
  combo_9     HP       0.000            1.000
  combo_9     HF       0.366            0.951
  combo_9     WW       0.000            1.000
  combo_9     SN       0.366            0.951
  combo_9     TS       0.366            0.951
  combo_9     PS       0.366            0.951
  combo_9    POL       0.366            0.951
 combo_13     BC       0.000            1.000
 combo_13     HP       0.000            1.000
 combo_13     HF       0.366            0.951
 combo_13     WW       0.000            1.000
 combo_13     SN       0.366            0.951
 combo_13     TS       0.366            0.951
 combo_13     PS       0.366            0.951
 combo_13    POL       0.366            0.951
43 DONE
