
######## Figure 1 (GGM panels) (r_patches/36_revision_figures_1_2A.R)
Rows: 7583 | Participants: 1987 | Waves: 1,2,3,4,5 
Wave 5 N: 870 
Person-level averaged item dataset: 1987 x 29 
Main composite dataset: 1987 x 9 
Any missing values in df_main: FALSE 
   participant_id    belief_concern      harm_present       harm_future    policy_support     trust_science      social_norms 
                0                 0                 0                 0                 0                 0                 0 
         politics weather_risk_prep 
                0                 0 
[cc1 sensitivity] corr(midpoint, drop-DK) = 0.976 | missing in drop-DK version: 88 
Wave-5 behavior dataset: 870 
Missing climate_behavior: 0 
climate_behavior alpha = 0.854 
Main belief-network dataset (all-wave): N = 1987 
Extended (+ behavior) dataset (all-wave): N = 870 

*** FINAL df_main (Waves 1-4 only): N = 1987 ***
*** FINAL df_extended (Waves 1-4 + Wave-5 behavior): N = 870 ***
(Compare against the manuscript's stated N=1,987 / N=870 before trusting anything downstream.)

=== Main attitude composites (reliability, all-wave df_att_person) ===
belief_concern r(cc1, cc6) = 0.725 
harm_present alpha = 0.941 
harm_future alpha = 0.957 
policy_support r(cc_pol_tax, cc_pol_car) = 0.796 
weather_risk_prep (ALT-SPEC) = ew5 alone -- [reference only] r(ew5, ew6) = 0.472 -- NOT used to construct weather_risk_prep
trust_science = single item (cvcc9_cc); social_norms = single item (cvcc4_should);  politics = single item (pol_ideology)
Conducting nonparanormal (npn) transformation via truncated ECDF....done.
Conducting nonparanormal (npn) transformation via truncated ECDF....done.
Main nodes: belief_concern, harm_present, harm_future, policy_support, trust_science, social_norms, politics, weather_risk_prep 
Extended nodes: belief_concern, harm_present, harm_future, policy_support, trust_science, social_norms, politics, weather_risk_prep, climate_behavior 

Main GGM: 23 of 28 possible edges retained.
(figures/fig2_ggm_main_fixed.pdf has exactly 23 -- checked mechanically
 against its vector line objects, not eyeballed. the qmd's own prose
 elsewhere says 24 and is the stale one -- this printed count is the one
 to trust, it comes straight from W_main.)
Retained edges, main network: 23 
FCI proportions read from: pipeline_outputs/fci_props_ext_nboot1000_20260911.rds 
DONE
######## Figure 1 (GGM panels): OK

######## Figure 2 (combined) (r_patches/38_figure_causal_combined.R)
PAG edges (from amat):
belief_concern tail-arrow harm_present
belief_concern arrow-arrow harm_future
belief_concern tail-arrow policy_support
belief_concern tail-arrow trust_science
belief_concern arrow-arrow politics
belief_concern arrow-arrow weather_risk_prep
harm_present tail-arrow harm_future
harm_present arrow-arrow policy_support
harm_present tail-arrow social_norms
harm_present arrow-arrow weather_risk_prep
harm_present tail-arrow climate_behavior
harm_future tail-arrow trust_science
policy_support arrow-circle trust_science
policy_support arrow-arrow social_norms
policy_support arrow-arrow politics
policy_support arrow-arrow climate_behavior
trust_science arrow-arrow social_norms
social_norms arrow-arrow climate_behavior
weather_risk_prep tail-arrow climate_behavior
38 DONE
######## Figure 2 (combined): OK

######## Figure 3 (SCM) (r_patches/07_figure5_scm_hierarchical_v3.R)
Edges where the audit disagrees with an earlier tag  (plotting with the finalized audit tier):
           from            to current_evidence   final_tier
 belief_concern trust_science      substantive data_aligned
Edges with audit notes worth checking  (not represented by line style alone):
  harm_present -> weather_risk_prep: Pooled orientation asymmetry is +.078 (live Sep-10 bootstrap array), falling below the .10 orientation-uncertainty band adopted 2026-09-11 -- current_evidence was already tagged 'substantive' ahead of this (the old .01 sign-only rule called it data_aligned, hence the mismatch flag this row used to raise). One of the 4 edges varied in the directional- sensitivity enumeration (r_patches/30_deterministic_16spec_ates.R).
  social_norms -> climate_behavior: Unconditional RCoT p ~ 1e-16 (stable across 20 seeds); no single main-network variable, conditioned on individually, explains it away; conditional on the full network jointly, 60-65% support under two independent methods (npn primary: 0.6615; RCoT diagnostic: 12-13/20 seeds significant at safe num_f, i.e. not resolved by adding more random features). See r_patches/17_diagnostic_rcot_social_norms_behavior.R.
  belief_concern -> weather_risk_prep: Added 2026-09-03: existence is robust (p_adjacent=.946, higher than 10 of the other 14 edges), clearing the same 60% rule as every other edge. Orientation asymmetry is only +.065, with high arrowhead mass at BOTH endpoints (.77 at belief_concern, .83 at weather_risk_prep) and little circle/undetermined mass at either -- a pattern at least as consistent with a shared latent upstream cause as with a clean directed effect. Under the .10 orientation-uncertainty band adopted 2026-09-11, this falls below the band and is now rendered dashed (substantive) rather than solid, and is one of the 4 edges varied in the directional- sensitivity enumeration (r_patches/30_deterministic_16spec_ates.R).
  harm_future -> trust_science: Added 2026-09-03 (second candidate-scan pass, threshold matched to 60%): existence is close to the skeleton floor (p_adjacent=.657, versus .946 for belief_concern->weather_risk_prep and 78%+ for every one of the original 14 edges) -- a genuinely thinner margin, worth a bootstrap-seed sensitivity check if one is wanted specifically for this edge. Unlike weather_risk_prep, orientation itself IS cleanly resolved here (raw asymmetry +.2865, squarely within the +.15 to +.55 range typical of already-resolved edges, no both-ends-high-arrowhead pattern). No established theoretical story for this direction has been discussed yet (unlike weather_risk_prep, where belief_concern as a second driver of weather-risk perception is an easy substantive story) -- worth a sentence in Methods/Discussion regardless.
######## Figure 3 (SCM): OK

######## Figure 4 + S7 (r_patches/34_figure_bootstrap_lvida_ridge.R)

--- Panel B (bootstrap point cloud) sanity check ---
 alpha_label            node_label n_resamples_with_identified pct_zero_weight
 alpha = .05 Political orientation                           3        99.66965
 alpha = .01 Political orientation                           3        99.81534
 alpha = .05        Policy support                          20        97.70379
 alpha = .01        Policy support                          26        96.99873
 alpha = .05      Trust in science                         118        86.80674
 alpha = .01      Trust in science                          67        93.04194
 alpha = .05          Social norms                           1        99.88967
 alpha = .01          Social norms                           1        99.88741
 alpha = .05         Weather worry                         200        78.78756
 alpha = .01         Weather worry                         157        85.49620
 alpha = .05           Future harm                         135        86.97892
 alpha = .01           Future harm                         148        86.52446
 alpha = .05          Present harm                         470        49.50974
 alpha = .01          Present harm                         441        55.02947
 alpha = .05    Belief and concern                         358        55.41467
 alpha = .01    Belief and concern                         309        65.40218
######## Figure 4 + S7: OK

######## Figure S1 (heatmap) (r_patches/04_figure1_heatmap.R)
######## Figure S1 (heatmap): OK

######## Figure S4 (stability matrices) (clean_pipeline/20_stability_matrix_figures.R)

===== DONE (20_stability_matrix_figures.R) =====
New/changed files:
  figures/figS_stability_matrix_detailed.pdf   (FCI per-end-mark detail, Supplement)
  figures/figS_stability_pc.pdf       (PC-stable, appendix)
No qmd dependency -- see header for the clean_pipeline/00-03 prerequisite chain.
######## Figure S4 (stability matrices): OK

######## Figure S5 (all combos) (r_patches/08b_supp_figure_all_combo_interventions.R)
######## Figure S5 (all combos): OK

######## Figure S6 (cyclic) (r_patches/35_figure_cyclic_feedback_equilibrium.R)
######## Figure S6 (cyclic): OK

==== SUMMARY ====
fig1_and_2A_inputs               fig2               fig3            fig4_S7                 S1                 S4 
              "OK"               "OK"               "OK"               "OK"               "OK"               "OK" 
                S5                 S6 
              "OK"               "OK" 
                               node              label   baseline        alt focal
belief_concern       belief_concern Belief and concern 0.20127244 0.09057680  TRUE
harm_present           harm_present       Present harm 0.18696534 0.18696522 FALSE
harm_future             harm_future        Future harm 0.12929528 0.12929520 FALSE
weather_risk_prep weather_risk_prep      Weather worry 0.09307600 0.09307599 FALSE
social_norms           social_norms       Social norms 0.06336526 0.06336523 FALSE
trust_science         trust_science   Trust in science 0.04369978 0.04369976 FALSE
                               node              label   baseline        alt focal
belief_concern       belief_concern Belief and concern 0.20127244 0.13309847 FALSE
harm_present           harm_present       Present harm 0.18696534 0.05489361  TRUE
harm_future             harm_future        Future harm 0.12929528 0.05672018 FALSE
weather_risk_prep weather_risk_prep      Weather worry 0.09307600 0.12975527 FALSE
social_norms           social_norms       Social norms 0.06336526 0.13287478 FALSE
trust_science         trust_science   Trust in science 0.04369978 0.09163695 FALSE
