Rows: 7583 | Participants: 1987 | Waves: 1,2,3,4,5 
Wave 5 N: 870 
Person-level averaged item dataset: 1987 x 29 
Main composite dataset: 1987 x 9 
Any missing values in df_main: FALSE 
   participant_id    belief_concern      harm_present       harm_future    policy_support     trust_science      social_norms 
                0                 0                 0                 0                 0                 0                 0 
         politics weather_risk_prep 
                0                 0 
[cc1 sensitivity] corr(midpoint, drop-DK) = 0.976 | missing in drop-DK version: 88 
Wave-5 behavior dataset: 870 
Missing climate_behavior: 0 
climate_behavior alpha = 0.854 
Main belief-network dataset (all-wave): N = 1987 
Extended (+ behavior) dataset (all-wave): N = 870 

*** FINAL df_main (Waves 1-4 only): N = 1987 ***
*** FINAL df_extended (Waves 1-4 + Wave-5 behavior): N = 870 ***
(Compare against the manuscript's stated N=1,987 / N=870 before trusting anything downstream.)

=== Main attitude composites (reliability, all-wave df_att_person) ===
belief_concern r(cc1, cc6) = 0.725 
harm_present alpha = 0.941 
harm_future alpha = 0.957 
policy_support r(cc_pol_tax, cc_pol_car) = 0.796 
weather_risk_prep (ALT-SPEC) = ew5 alone -- [reference only] r(ew5, ew6) = 0.472 -- NOT used to construct weather_risk_prep
trust_science = single item (cvcc9_cc); social_norms = single item (cvcc4_should);  politics = single item (pol_ideology)
Conducting nonparanormal (npn) transformation via truncated ECDF....done.
Conducting nonparanormal (npn) transformation via truncated ECDF....done.
Main nodes: belief_concern, harm_present, harm_future, policy_support, trust_science, social_norms, politics, weather_risk_prep 
Extended nodes: belief_concern, harm_present, harm_future, policy_support, trust_science, social_norms, politics, weather_risk_prep, climate_behavior 

Main GGM: 23 of 28 possible edges retained.
(figures/fig2_ggm_main_fixed.pdf has exactly 23 -- checked mechanically
 against its vector line objects, not eyeballed. the qmd's own prose
 elsewhere says 24 and is the stale one -- this printed count is the one
 to trust, it comes straight from W_main.)
              node strength_8node strength_9node pcor_with_behavior scm_effect rank_strength_8 rank_pcor_cb rank_effect
    belief_concern          1.240          1.303              0.066      0.201               1            5         1.0
      harm_present          1.139          1.200              0.122      0.187               2            2         2.0
       harm_future          0.979          0.995              0.000      0.129               4            8         3.0
 weather_risk_prep          0.553          0.624              0.134      0.093               7            1         4.0
      social_norms          0.657          0.689              0.104      0.063               6            3         5.0
     trust_science          1.126          1.167             -0.048      0.044               3            6         6.0
    policy_support          0.958          1.044              0.102      0.000               5            4         7.5
          politics          0.457          0.537             -0.027      0.000               8            7         7.5
46 DONE

W_main HP-HF: 0.518  PS-TS: 0.351 
W_ext CB row:
   belief_concern      harm_present       harm_future    policy_support     trust_science      social_norms          politics 
            0.066             0.122             0.000             0.102            -0.048             0.104            -0.027 
weather_risk_prep  climate_behavior 
            0.134             0.000 
n rows df_net_ext: 870  nodes: belief_concern,harm_present,harm_future,policy_support,trust_science,social_norms,politics,weather_risk_prep,climate_behavior 
46b DONE
